// Jest Snapshot v1, https://goo.gl/fbAQLP

exports[`Details renders 1`] = `null`;

exports[`Details renders correctly 1`] = `null`;
