// Jest Snapshot v1, https://goo.gl/fbAQLP

exports[`Header should render header 1`] = `
Object {
  "asFragment": [Function],
  "baseElement": <body>
    <div>
      <header
        class="header"
      >
        <a
          href="/"
        >
          <svg
            class="nav"
            fill="currentColor"
            height="1em"
            stroke="currentColor"
            stroke-width="0"
            viewBox="0 0 24 24"
            width="1em"
            xmlns="http://www.w3.org/2000/svg"
          >
            <path
              d="M15 19V5l-8 7z"
            />
          </svg>
        </a>
        <div
          class="menu"
        >
          <svg
            class="setting"
            fill="currentColor"
            height="1em"
            stroke="currentColor"
            stroke-width="0"
            viewBox="0 0 24 24"
            width="1em"
            xmlns="http://www.w3.org/2000/svg"
          >
            <g>
              <path
                d="M0 0h24v24H0z"
                fill="none"
              />
              <path
                d="M5.334 4.545a9.99 9.99 0 0 1 3.542-2.048A3.993 3.993 0 0 0 12 3.999a3.993 3.993 0 0 0 3.124-1.502 9.99 9.99 0 0 1 3.542 2.048 3.993 3.993 0 0 0 .262 3.454 3.993 3.993 0 0 0 2.863 1.955 10.043 10.043 0 0 1 0 4.09c-1.16.178-2.23.86-2.863 1.955a3.993 3.993 0 0 0-.262 3.455 9.99 9.99 0 0 1-3.542 2.047A3.993 3.993 0 0 0 12 20a3.993 3.993 0 0 0-3.124 1.502 9.99 9.99 0 0 1-3.542-2.047 3.993 3.993 0 0 0-.262-3.455 3.993 3.993 0 0 0-2.863-1.954 10.043 10.043 0 0 1 0-4.091 3.993 3.993 0 0 0 2.863-1.955 3.993 3.993 0 0 0 .262-3.454zM13.5 14.597a3 3 0 1 0-3-5.196 3 3 0 0 0 3 5.196z"
              />
            </g>
          </svg>
          <svg
            class="mic"
            fill="currentColor"
            height="1em"
            stroke="currentColor"
            stroke-width="0"
            viewBox="0 0 512 512"
            width="1em"
            xmlns="http://www.w3.org/2000/svg"
          >
            <path
              d="M256 320c37.712 0 68.571-30.924 68.571-68.714V100.714C324.571 62.924 293.712 32 256 32s-68.571 30.924-68.571 68.714v150.572c0 37.79 30.859 68.714 68.571 68.714zm121.139-75.452c0 68.714-58.282 116.815-121.139 116.815s-121.139-48.102-121.139-116.815H96c0 77.873 61.719 143.153 137.144 153.465V480h45.713v-81.987C354.281 386.561 416 322.421 416 244.548h-38.861z"
            />
          </svg>
        </div>
      </header>
    </div>
  </body>,
  "container": <div>
    <header
      class="header"
    >
      <a
        href="/"
      >
        <svg
          class="nav"
          fill="currentColor"
          height="1em"
          stroke="currentColor"
          stroke-width="0"
          viewBox="0 0 24 24"
          width="1em"
          xmlns="http://www.w3.org/2000/svg"
        >
          <path
            d="M15 19V5l-8 7z"
          />
        </svg>
      </a>
      <div
        class="menu"
      >
        <svg
          class="setting"
          fill="currentColor"
          height="1em"
          stroke="currentColor"
          stroke-width="0"
          viewBox="0 0 24 24"
          width="1em"
          xmlns="http://www.w3.org/2000/svg"
        >
          <g>
            <path
              d="M0 0h24v24H0z"
              fill="none"
            />
            <path
              d="M5.334 4.545a9.99 9.99 0 0 1 3.542-2.048A3.993 3.993 0 0 0 12 3.999a3.993 3.993 0 0 0 3.124-1.502 9.99 9.99 0 0 1 3.542 2.048 3.993 3.993 0 0 0 .262 3.454 3.993 3.993 0 0 0 2.863 1.955 10.043 10.043 0 0 1 0 4.09c-1.16.178-2.23.86-2.863 1.955a3.993 3.993 0 0 0-.262 3.455 9.99 9.99 0 0 1-3.542 2.047A3.993 3.993 0 0 0 12 20a3.993 3.993 0 0 0-3.124 1.502 9.99 9.99 0 0 1-3.542-2.047 3.993 3.993 0 0 0-.262-3.455 3.993 3.993 0 0 0-2.863-1.954 10.043 10.043 0 0 1 0-4.091 3.993 3.993 0 0 0 2.863-1.955 3.993 3.993 0 0 0 .262-3.454zM13.5 14.597a3 3 0 1 0-3-5.196 3 3 0 0 0 3 5.196z"
            />
          </g>
        </svg>
        <svg
          class="mic"
          fill="currentColor"
          height="1em"
          stroke="currentColor"
          stroke-width="0"
          viewBox="0 0 512 512"
          width="1em"
          xmlns="http://www.w3.org/2000/svg"
        >
          <path
            d="M256 320c37.712 0 68.571-30.924 68.571-68.714V100.714C324.571 62.924 293.712 32 256 32s-68.571 30.924-68.571 68.714v150.572c0 37.79 30.859 68.714 68.571 68.714zm121.139-75.452c0 68.714-58.282 116.815-121.139 116.815s-121.139-48.102-121.139-116.815H96c0 77.873 61.719 143.153 137.144 153.465V480h45.713v-81.987C354.281 386.561 416 322.421 416 244.548h-38.861z"
          />
        </svg>
      </div>
    </header>
  </div>,
  "debug": [Function],
  "findAllByAltText": [Function],
  "findAllByDisplayValue": [Function],
  "findAllByLabelText": [Function],
  "findAllByPlaceholderText": [Function],
  "findAllByRole": [Function],
  "findAllByTestId": [Function],
  "findAllByText": [Function],
  "findAllByTitle": [Function],
  "findByAltText": [Function],
  "findByDisplayValue": [Function],
  "findByLabelText": [Function],
  "findByPlaceholderText": [Function],
  "findByRole": [Function],
  "findByTestId": [Function],
  "findByText": [Function],
  "findByTitle": [Function],
  "getAllByAltText": [Function],
  "getAllByDisplayValue": [Function],
  "getAllByLabelText": [Function],
  "getAllByPlaceholderText": [Function],
  "getAllByRole": [Function],
  "getAllByTestId": [Function],
  "getAllByText": [Function],
  "getAllByTitle": [Function],
  "getByAltText": [Function],
  "getByDisplayValue": [Function],
  "getByLabelText": [Function],
  "getByPlaceholderText": [Function],
  "getByRole": [Function],
  "getByTestId": [Function],
  "getByText": [Function],
  "getByTitle": [Function],
  "queryAllByAltText": [Function],
  "queryAllByDisplayValue": [Function],
  "queryAllByLabelText": [Function],
  "queryAllByPlaceholderText": [Function],
  "queryAllByRole": [Function],
  "queryAllByTestId": [Function],
  "queryAllByText": [Function],
  "queryAllByTitle": [Function],
  "queryByAltText": [Function],
  "queryByDisplayValue": [Function],
  "queryByLabelText": [Function],
  "queryByPlaceholderText": [Function],
  "queryByRole": [Function],
  "queryByTestId": [Function],
  "queryByText": [Function],
  "queryByTitle": [Function],
  "rerender": [Function],
  "unmount": [Function],
}
`;

exports[`Header should render the header 1`] = `
Object {
  "asFragment": [Function],
  "baseElement": <body>
    <div>
      <header
        class="header"
      >
        <a
          href="/"
        >
          <svg
            class="nav"
            fill="currentColor"
            height="1em"
            stroke="currentColor"
            stroke-width="0"
            viewBox="0 0 24 24"
            width="1em"
            xmlns="http://www.w3.org/2000/svg"
          >
            <path
              d="M15 19V5l-8 7z"
            />
          </svg>
        </a>
        <div
          class="menu"
        >
          <svg
            class="setting"
            fill="currentColor"
            height="1em"
            stroke="currentColor"
            stroke-width="0"
            viewBox="0 0 24 24"
            width="1em"
            xmlns="http://www.w3.org/2000/svg"
          >
            <g>
              <path
                d="M0 0h24v24H0z"
                fill="none"
              />
              <path
                d="M5.334 4.545a9.99 9.99 0 0 1 3.542-2.048A3.993 3.993 0 0 0 12 3.999a3.993 3.993 0 0 0 3.124-1.502 9.99 9.99 0 0 1 3.542 2.048 3.993 3.993 0 0 0 .262 3.454 3.993 3.993 0 0 0 2.863 1.955 10.043 10.043 0 0 1 0 4.09c-1.16.178-2.23.86-2.863 1.955a3.993 3.993 0 0 0-.262 3.455 9.99 9.99 0 0 1-3.542 2.047A3.993 3.993 0 0 0 12 20a3.993 3.993 0 0 0-3.124 1.502 9.99 9.99 0 0 1-3.542-2.047 3.993 3.993 0 0 0-.262-3.455 3.993 3.993 0 0 0-2.863-1.954 10.043 10.043 0 0 1 0-4.091 3.993 3.993 0 0 0 2.863-1.955 3.993 3.993 0 0 0 .262-3.454zM13.5 14.597a3 3 0 1 0-3-5.196 3 3 0 0 0 3 5.196z"
              />
            </g>
          </svg>
          <svg
            class="mic"
            fill="currentColor"
            height="1em"
            stroke="currentColor"
            stroke-width="0"
            viewBox="0 0 512 512"
            width="1em"
            xmlns="http://www.w3.org/2000/svg"
          >
            <path
              d="M256 320c37.712 0 68.571-30.924 68.571-68.714V100.714C324.571 62.924 293.712 32 256 32s-68.571 30.924-68.571 68.714v150.572c0 37.79 30.859 68.714 68.571 68.714zm121.139-75.452c0 68.714-58.282 116.815-121.139 116.815s-121.139-48.102-121.139-116.815H96c0 77.873 61.719 143.153 137.144 153.465V480h45.713v-81.987C354.281 386.561 416 322.421 416 244.548h-38.861z"
            />
          </svg>
        </div>
      </header>
    </div>
  </body>,
  "container": <div>
    <header
      class="header"
    >
      <a
        href="/"
      >
        <svg
          class="nav"
          fill="currentColor"
          height="1em"
          stroke="currentColor"
          stroke-width="0"
          viewBox="0 0 24 24"
          width="1em"
          xmlns="http://www.w3.org/2000/svg"
        >
          <path
            d="M15 19V5l-8 7z"
          />
        </svg>
      </a>
      <div
        class="menu"
      >
        <svg
          class="setting"
          fill="currentColor"
          height="1em"
          stroke="currentColor"
          stroke-width="0"
          viewBox="0 0 24 24"
          width="1em"
          xmlns="http://www.w3.org/2000/svg"
        >
          <g>
            <path
              d="M0 0h24v24H0z"
              fill="none"
            />
            <path
              d="M5.334 4.545a9.99 9.99 0 0 1 3.542-2.048A3.993 3.993 0 0 0 12 3.999a3.993 3.993 0 0 0 3.124-1.502 9.99 9.99 0 0 1 3.542 2.048 3.993 3.993 0 0 0 .262 3.454 3.993 3.993 0 0 0 2.863 1.955 10.043 10.043 0 0 1 0 4.09c-1.16.178-2.23.86-2.863 1.955a3.993 3.993 0 0 0-.262 3.455 9.99 9.99 0 0 1-3.542 2.047A3.993 3.993 0 0 0 12 20a3.993 3.993 0 0 0-3.124 1.502 9.99 9.99 0 0 1-3.542-2.047 3.993 3.993 0 0 0-.262-3.455 3.993 3.993 0 0 0-2.863-1.954 10.043 10.043 0 0 1 0-4.091 3.993 3.993 0 0 0 2.863-1.955 3.993 3.993 0 0 0 .262-3.454zM13.5 14.597a3 3 0 1 0-3-5.196 3 3 0 0 0 3 5.196z"
            />
          </g>
        </svg>
        <svg
          class="mic"
          fill="currentColor"
          height="1em"
          stroke="currentColor"
          stroke-width="0"
          viewBox="0 0 512 512"
          width="1em"
          xmlns="http://www.w3.org/2000/svg"
        >
          <path
            d="M256 320c37.712 0 68.571-30.924 68.571-68.714V100.714C324.571 62.924 293.712 32 256 32s-68.571 30.924-68.571 68.714v150.572c0 37.79 30.859 68.714 68.571 68.714zm121.139-75.452c0 68.714-58.282 116.815-121.139 116.815s-121.139-48.102-121.139-116.815H96c0 77.873 61.719 143.153 137.144 153.465V480h45.713v-81.987C354.281 386.561 416 322.421 416 244.548h-38.861z"
          />
        </svg>
      </div>
    </header>
  </div>,
  "debug": [Function],
  "findAllByAltText": [Function],
  "findAllByDisplayValue": [Function],
  "findAllByLabelText": [Function],
  "findAllByPlaceholderText": [Function],
  "findAllByRole": [Function],
  "findAllByTestId": [Function],
  "findAllByText": [Function],
  "findAllByTitle": [Function],
  "findByAltText": [Function],
  "findByDisplayValue": [Function],
  "findByLabelText": [Function],
  "findByPlaceholderText": [Function],
  "findByRole": [Function],
  "findByTestId": [Function],
  "findByText": [Function],
  "findByTitle": [Function],
  "getAllByAltText": [Function],
  "getAllByDisplayValue": [Function],
  "getAllByLabelText": [Function],
  "getAllByPlaceholderText": [Function],
  "getAllByRole": [Function],
  "getAllByTestId": [Function],
  "getAllByText": [Function],
  "getAllByTitle": [Function],
  "getByAltText": [Function],
  "getByDisplayValue": [Function],
  "getByLabelText": [Function],
  "getByPlaceholderText": [Function],
  "getByRole": [Function],
  "getByTestId": [Function],
  "getByText": [Function],
  "getByTitle": [Function],
  "queryAllByAltText": [Function],
  "queryAllByDisplayValue": [Function],
  "queryAllByLabelText": [Function],
  "queryAllByPlaceholderText": [Function],
  "queryAllByRole": [Function],
  "queryAllByTestId": [Function],
  "queryAllByText": [Function],
  "queryAllByTitle": [Function],
  "queryByAltText": [Function],
  "queryByDisplayValue": [Function],
  "queryByLabelText": [Function],
  "queryByPlaceholderText": [Function],
  "queryByRole": [Function],
  "queryByTestId": [Function],
  "queryByText": [Function],
  "queryByTitle": [Function],
  "rerender": [Function],
  "unmount": [Function],
}
`;
